// Jest Snapshot v1, https://goo.gl/fbAQLP

exports[`DateFilter render normally 1`] = `
<div
  className="app-DateFilter"
>
  <FormGroup
    bsClass="form-group"
    controlId="test"
  >
    <ControlLabel
      bsClass="control-label"
      srOnly={false}
    >
      foo
    </ControlLabel>
    <InputGroup
      bsClass="input-group"
    >
      <FormControl
        aria-describedby="test-error"
        bsClass="form-control"
        className="app-DateFilter__input"
        componentClass="input"
        onBlur={[Function]}
        onChange={[Function]}
        onClick={[Function]}
        onKeyDown={[Function]}
        type="text"
        value="10.12.2017"
      />
      <InputGroupButton
        bsClass="input-group-btn"
      >
        <Button
          active={false}
          aria-hidden="true"
          block={false}
          bsClass="btn"
          bsStyle="default"
          className="app-DatePickerControl__button"
          disabled={false}
          onClick={[Function]}
          tabIndex={-1}
        >
          <img
            alt="DatePickerControl.button.imageAlt"
            className="app-DateFilter__icon"
            src="test-file-stub"
          />
        </Button>
      </InputGroupButton>
    </InputGroup>
  </FormGroup>
  <Overlay
    animation={false}
    container={
      UntranslatedDateFilter {
        "context": {},
        "handleDateButtonClick": [Function],
        "handleInputBlur": [Function],
        "handleInputChange": [Function],
        "handleInputKeydown": [Function],
        "isValidDate": [Function],
        "onChange": [Function],
        "props": {
          "date": 2017-12-09T22:00:00.000Z,
          "label": "foo",
          "locale": "en",
          "name": "test",
          "onChange": [MockFunction],
          "t": [MockFunction] {
            "calls": [
              [
                "DatePickerControl.button.imageAlt",
              ],
            ],
            "results": [
              {
                "type": "return",
                "value": "DatePickerControl.button.imageAlt",
              },
            ],
          },
        },
        "refs": {},
        "state": {
          "inputTouched": false,
          "inputValue": "10.12.2017",
          "isOpen": false,
        },
        "updater": Updater {
          "_callbacks": [],
          "_renderer": ReactShallowRenderer {
            "_context": {},
            "_currentlyRenderingComponent": null,
            "_didScheduleRenderPhaseUpdate": false,
            "_dispatcher": {
              "readContext": [Function],
              "useCallback": [Function],
              "useContext": [Function],
              "useDebugValue": [Function],
              "useEffect": [Function],
              "useImperativeHandle": [Function],
              "useLayoutEffect": [Function],
              "useMemo": [Function],
              "useReducer": [Function],
              "useRef": [Function],
              "useState": [Function],
            },
            "_element": <UntranslatedDateFilter
              date={2017-12-09T22:00:00.000Z}
              label="foo"
              locale="en"
              name="test"
              onChange={[MockFunction]}
              t={
                [MockFunction] {
                  "calls": [
                    [
                      "DatePickerControl.button.imageAlt",
                    ],
                  ],
                  "results": [
                    {
                      "type": "return",
                      "value": "DatePickerControl.button.imageAlt",
                    },
                  ],
                }
              }
            />,
            "_firstWorkInProgressHook": null,
            "_forcedUpdate": false,
            "_instance": [Circular],
            "_isReRender": false,
            "_newState": null,
            "_numberOfReRenders": 0,
            "_previousComponentIdentity": null,
            "_renderPhaseUpdates": null,
            "_rendered": <div
              className="app-DateFilter"
            >
              <FormGroup
                bsClass="form-group"
                controlId="test"
              >
                <ControlLabel
                  bsClass="control-label"
                  srOnly={false}
                >
                  foo
                </ControlLabel>
                <InputGroup
                  bsClass="input-group"
                >
                  <FormControl
                    aria-describedby="test-error"
                    bsClass="form-control"
                    className="app-DateFilter__input"
                    componentClass="input"
                    onBlur={[Function]}
                    onChange={[Function]}
                    onClick={[Function]}
                    onKeyDown={[Function]}
                    type="text"
                    value="10.12.2017"
                  />
                  <InputGroupButton
                    bsClass="input-group-btn"
                  >
                    <Button
                      active={false}
                      aria-hidden="true"
                      block={false}
                      bsClass="btn"
                      bsStyle="default"
                      className="app-DatePickerControl__button"
                      disabled={false}
                      onClick={[Function]}
                      tabIndex={-1}
                    >
                      <img
                        alt="DatePickerControl.button.imageAlt"
                        className="app-DateFilter__icon"
                        src="test-file-stub"
                      />
                    </Button>
                  </InputGroupButton>
                </InputGroup>
              </FormGroup>
              <Overlay
                animation={false}
                container={[Circular]}
                onHide={[Function]}
                placement="bottom"
                rootClose={true}
                show={false}
              >
                <DatePickerWrapper>
                  <DayPicker
                    canChangeMonth={true}
                    captionElement={
                      <Caption
                        classNames={
                          {
                            "body": "DayPicker-Body",
                            "caption": "DayPicker-Caption",
                            "container": "DayPicker",
                            "day": "DayPicker-Day",
                            "disabled": "disabled",
                            "footer": "DayPicker-Footer",
                            "interactionDisabled": "DayPicker--interactionDisabled",
                            "month": "DayPicker-Month",
                            "months": "DayPicker-Months",
                            "navBar": "DayPicker-NavBar",
                            "navButtonInteractionDisabled": "DayPicker-NavButton--interactionDisabled",
                            "navButtonNext": "DayPicker-NavButton DayPicker-NavButton--next",
                            "navButtonPrev": "DayPicker-NavButton DayPicker-NavButton--prev",
                            "outside": "outside",
                            "selected": "selected",
                            "today": "today",
                            "todayButton": "DayPicker-TodayButton",
                            "week": "DayPicker-Week",
                            "weekNumber": "DayPicker-WeekNumber",
                            "weekday": "DayPicker-Weekday",
                            "weekdays": "DayPicker-Weekdays",
                            "weekdaysRow": "DayPicker-WeekdaysRow",
                            "wrapper": "DayPicker-wrapper",
                          }
                        }
                        localeUtils={
                          {
                            "formatDay": [Function],
                            "formatMonthTitle": [Function],
                            "formatWeekdayLong": [Function],
                            "formatWeekdayShort": [Function],
                            "getFirstDayOfWeek": [Function],
                            "getMonths": [Function],
                          }
                        }
                      />
                    }
                    classNames={
                      {
                        "body": "DayPicker-Body",
                        "caption": "DayPicker-Caption",
                        "container": "DayPicker",
                        "day": "DayPicker-Day",
                        "disabled": "disabled",
                        "footer": "DayPicker-Footer",
                        "interactionDisabled": "DayPicker--interactionDisabled",
                        "month": "DayPicker-Month",
                        "months": "DayPicker-Months",
                        "navBar": "DayPicker-NavBar",
                        "navButtonInteractionDisabled": "DayPicker-NavButton--interactionDisabled",
                        "navButtonNext": "DayPicker-NavButton DayPicker-NavButton--next",
                        "navButtonPrev": "DayPicker-NavButton DayPicker-NavButton--prev",
                        "outside": "outside",
                        "selected": "selected",
                        "today": "today",
                        "todayButton": "DayPicker-TodayButton",
                        "week": "DayPicker-Week",
                        "weekNumber": "DayPicker-WeekNumber",
                        "weekday": "DayPicker-Weekday",
                        "weekdays": "DayPicker-Weekdays",
                        "weekdaysRow": "DayPicker-WeekdaysRow",
                        "wrapper": "DayPicker-wrapper",
                      }
                    }
                    disabledDays={[Function]}
                    enableOutsideDaysClick={true}
                    fixedWeeks={false}
                    initialMonth={2017-12-09T22:00:00.000Z}
                    labels={
                      {
                        "nextMonth": "Next Month",
                        "previousMonth": "Previous Month",
                      }
                    }
                    locale="en"
                    localeUtils={
                      {
                        "formatDate": [Function],
                        "formatDay": [Function],
                        "formatMonthTitle": [Function],
                        "formatWeekdayLong": [Function],
                        "formatWeekdayShort": [Function],
                        "getFirstDayOfWeek": [Function],
                        "getMonths": [Function],
                        "parseDate": [Function],
                      }
                    }
                    navbarElement={
                      <Navbar
                        classNames={
                          {
                            "body": "DayPicker-Body",
                            "caption": "DayPicker-Caption",
                            "container": "DayPicker",
                            "day": "DayPicker-Day",
                            "disabled": "disabled",
                            "footer": "DayPicker-Footer",
                            "interactionDisabled": "DayPicker--interactionDisabled",
                            "month": "DayPicker-Month",
                            "months": "DayPicker-Months",
                            "navBar": "DayPicker-NavBar",
                            "navButtonInteractionDisabled": "DayPicker-NavButton--interactionDisabled",
                            "navButtonNext": "DayPicker-NavButton DayPicker-NavButton--next",
                            "navButtonPrev": "DayPicker-NavButton DayPicker-NavButton--prev",
                            "outside": "outside",
                            "selected": "selected",
                            "today": "today",
                            "todayButton": "DayPicker-TodayButton",
                            "week": "DayPicker-Week",
                            "weekNumber": "DayPicker-WeekNumber",
                            "weekday": "DayPicker-Weekday",
                            "weekdays": "DayPicker-Weekdays",
                            "weekdaysRow": "DayPicker-WeekdaysRow",
                            "wrapper": "DayPicker-wrapper",
                          }
                        }
                        dir="ltr"
                        labels={
                          {
                            "nextMonth": "Next Month",
                            "previousMonth": "Previous Month",
                          }
                        }
                        showNextButton={true}
                        showPreviousButton={true}
                      />
                    }
                    numberOfMonths={1}
                    onDayClick={[Function]}
                    pagedNavigation={false}
                    renderDay={[Function]}
                    renderWeek={[Function]}
                    reverseMonths={false}
                    selectedDays={2017-12-09T22:00:00.000Z}
                    showOutsideDays={true}
                    showWeekDays={true}
                    showWeekNumbers={true}
                    tabIndex={0}
                    weekdayElement={<Weekday />}
                  />
                </DatePickerWrapper>
              </Overlay>
            </div>,
            "_rendering": false,
            "_updater": [Circular],
            "_workInProgressHook": null,
          },
        },
      }
    }
    onHide={[Function]}
    placement="bottom"
    rootClose={true}
    show={false}
  >
    <DatePickerWrapper>
      <DayPicker
        canChangeMonth={true}
        captionElement={
          <Caption
            classNames={
              {
                "body": "DayPicker-Body",
                "caption": "DayPicker-Caption",
                "container": "DayPicker",
                "day": "DayPicker-Day",
                "disabled": "disabled",
                "footer": "DayPicker-Footer",
                "interactionDisabled": "DayPicker--interactionDisabled",
                "month": "DayPicker-Month",
                "months": "DayPicker-Months",
                "navBar": "DayPicker-NavBar",
                "navButtonInteractionDisabled": "DayPicker-NavButton--interactionDisabled",
                "navButtonNext": "DayPicker-NavButton DayPicker-NavButton--next",
                "navButtonPrev": "DayPicker-NavButton DayPicker-NavButton--prev",
                "outside": "outside",
                "selected": "selected",
                "today": "today",
                "todayButton": "DayPicker-TodayButton",
                "week": "DayPicker-Week",
                "weekNumber": "DayPicker-WeekNumber",
                "weekday": "DayPicker-Weekday",
                "weekdays": "DayPicker-Weekdays",
                "weekdaysRow": "DayPicker-WeekdaysRow",
                "wrapper": "DayPicker-wrapper",
              }
            }
            localeUtils={
              {
                "formatDay": [Function],
                "formatMonthTitle": [Function],
                "formatWeekdayLong": [Function],
                "formatWeekdayShort": [Function],
                "getFirstDayOfWeek": [Function],
                "getMonths": [Function],
              }
            }
          />
        }
        classNames={
          {
            "body": "DayPicker-Body",
            "caption": "DayPicker-Caption",
            "container": "DayPicker",
            "day": "DayPicker-Day",
            "disabled": "disabled",
            "footer": "DayPicker-Footer",
            "interactionDisabled": "DayPicker--interactionDisabled",
            "month": "DayPicker-Month",
            "months": "DayPicker-Months",
            "navBar": "DayPicker-NavBar",
            "navButtonInteractionDisabled": "DayPicker-NavButton--interactionDisabled",
            "navButtonNext": "DayPicker-NavButton DayPicker-NavButton--next",
            "navButtonPrev": "DayPicker-NavButton DayPicker-NavButton--prev",
            "outside": "outside",
            "selected": "selected",
            "today": "today",
            "todayButton": "DayPicker-TodayButton",
            "week": "DayPicker-Week",
            "weekNumber": "DayPicker-WeekNumber",
            "weekday": "DayPicker-Weekday",
            "weekdays": "DayPicker-Weekdays",
            "weekdaysRow": "DayPicker-WeekdaysRow",
            "wrapper": "DayPicker-wrapper",
          }
        }
        disabledDays={[Function]}
        enableOutsideDaysClick={true}
        fixedWeeks={false}
        initialMonth={2017-12-09T22:00:00.000Z}
        labels={
          {
            "nextMonth": "Next Month",
            "previousMonth": "Previous Month",
          }
        }
        locale="en"
        localeUtils={
          {
            "formatDate": [Function],
            "formatDay": [Function],
            "formatMonthTitle": [Function],
            "formatWeekdayLong": [Function],
            "formatWeekdayShort": [Function],
            "getFirstDayOfWeek": [Function],
            "getMonths": [Function],
            "parseDate": [Function],
          }
        }
        navbarElement={
          <Navbar
            classNames={
              {
                "body": "DayPicker-Body",
                "caption": "DayPicker-Caption",
                "container": "DayPicker",
                "day": "DayPicker-Day",
                "disabled": "disabled",
                "footer": "DayPicker-Footer",
                "interactionDisabled": "DayPicker--interactionDisabled",
                "month": "DayPicker-Month",
                "months": "DayPicker-Months",
                "navBar": "DayPicker-NavBar",
                "navButtonInteractionDisabled": "DayPicker-NavButton--interactionDisabled",
                "navButtonNext": "DayPicker-NavButton DayPicker-NavButton--next",
                "navButtonPrev": "DayPicker-NavButton DayPicker-NavButton--prev",
                "outside": "outside",
                "selected": "selected",
                "today": "today",
                "todayButton": "DayPicker-TodayButton",
                "week": "DayPicker-Week",
                "weekNumber": "DayPicker-WeekNumber",
                "weekday": "DayPicker-Weekday",
                "weekdays": "DayPicker-Weekdays",
                "weekdaysRow": "DayPicker-WeekdaysRow",
                "wrapper": "DayPicker-wrapper",
              }
            }
            dir="ltr"
            labels={
              {
                "nextMonth": "Next Month",
                "previousMonth": "Previous Month",
              }
            }
            showNextButton={true}
            showPreviousButton={true}
          />
        }
        numberOfMonths={1}
        onDayClick={[Function]}
        pagedNavigation={false}
        renderDay={[Function]}
        renderWeek={[Function]}
        reverseMonths={false}
        selectedDays={2017-12-09T22:00:00.000Z}
        showOutsideDays={true}
        showWeekDays={true}
        showWeekNumbers={true}
        tabIndex={0}
        weekdayElement={<Weekday />}
      />
    </DatePickerWrapper>
  </Overlay>
</div>
`;
