// Jest Snapshot v1, https://goo.gl/fbAQLP

exports[`TimeRangeFilter render normally 1`] = `
<div
  className="app-TimeRangeFilter"
>
  <ToggleFilter
    checked={true}
    id="timeRange-status"
    label="foo"
    onChange={[Function]}
  />
  <div
    className="app-TimeRangeFilter__range"
  >
    <InjectT(SelectFilter)
      className="app-TimeRangeFilter__range-start"
      disabled={false}
      id="time-filter-start-select"
      isClearable={false}
      isSearchable={false}
      onChange={[Function]}
      options={
        [
          {
            "label": "00:00",
            "value": "00:00",
          },
          {
            "label": "00:30",
            "value": "00:30",
          },
          {
            "label": "01:00",
            "value": "01:00",
          },
          {
            "label": "01:30",
            "value": "01:30",
          },
          {
            "label": "02:00",
            "value": "02:00",
          },
          {
            "label": "02:30",
            "value": "02:30",
          },
          {
            "label": "03:00",
            "value": "03:00",
          },
          {
            "label": "03:30",
            "value": "03:30",
          },
          {
            "label": "04:00",
            "value": "04:00",
          },
          {
            "label": "04:30",
            "value": "04:30",
          },
          {
            "label": "05:00",
            "value": "05:00",
          },
          {
            "label": "05:30",
            "value": "05:30",
          },
          {
            "label": "06:00",
            "value": "06:00",
          },
          {
            "label": "06:30",
            "value": "06:30",
          },
          {
            "label": "07:00",
            "value": "07:00",
          },
          {
            "label": "07:30",
            "value": "07:30",
          },
          {
            "label": "08:00",
            "value": "08:00",
          },
          {
            "label": "08:30",
            "value": "08:30",
          },
          {
            "label": "09:00",
            "value": "09:00",
          },
          {
            "label": "09:30",
            "value": "09:30",
          },
          {
            "label": "10:00",
            "value": "10:00",
          },
          {
            "label": "10:30",
            "value": "10:30",
          },
          {
            "label": "11:00",
            "value": "11:00",
          },
          {
            "label": "11:30",
            "value": "11:30",
          },
          {
            "label": "12:00",
            "value": "12:00",
          },
          {
            "label": "12:30",
            "value": "12:30",
          },
          {
            "label": "13:00",
            "value": "13:00",
          },
          {
            "label": "13:30",
            "value": "13:30",
          },
          {
            "label": "14:00",
            "value": "14:00",
          },
          {
            "label": "14:30",
            "value": "14:30",
          },
          {
            "label": "15:00",
            "value": "15:00",
          },
          {
            "label": "15:30",
            "value": "15:30",
          },
          {
            "label": "16:00",
            "value": "16:00",
          },
          {
            "label": "16:30",
            "value": "16:30",
          },
          {
            "label": "17:00",
            "value": "17:00",
          },
          {
            "label": "17:30",
            "value": "17:30",
          },
          {
            "label": "18:00",
            "value": "18:00",
          },
          {
            "label": "18:30",
            "value": "18:30",
          },
          {
            "label": "19:00",
            "value": "19:00",
          },
          {
            "label": "19:30",
            "value": "19:30",
          },
          {
            "label": "20:00",
            "value": "20:00",
          },
          {
            "label": "20:30",
            "value": "20:30",
          },
          {
            "label": "21:00",
            "value": "21:00",
          },
          {
            "label": "21:30",
            "value": "21:30",
          },
          {
            "label": "22:00",
            "value": "22:00",
          },
          {
            "label": "22:30",
            "value": "22:30",
          },
          {
            "label": "23:00",
            "value": "23:00",
          },
        ]
      }
      value="12:48"
    />
    <div
      className="app-TimeRangeFilter__range-separator"
    >
      -
    </div>
    <InjectT(SelectFilter)
      className="app-TimeRangeFilter__range-end"
      disabled={false}
      id="time-filter-end-select"
      isClearable={false}
      isSearchable={false}
      onChange={[Function]}
      options={
        [
          {
            "label": "13:18",
            "value": "13:18",
          },
          {
            "label": "13:48",
            "value": "13:48",
          },
          {
            "label": "14:18",
            "value": "14:18",
          },
          {
            "label": "14:48",
            "value": "14:48",
          },
          {
            "label": "15:18",
            "value": "15:18",
          },
          {
            "label": "15:48",
            "value": "15:48",
          },
          {
            "label": "16:18",
            "value": "16:18",
          },
          {
            "label": "16:48",
            "value": "16:48",
          },
          {
            "label": "17:18",
            "value": "17:18",
          },
          {
            "label": "17:48",
            "value": "17:48",
          },
          {
            "label": "18:18",
            "value": "18:18",
          },
          {
            "label": "18:48",
            "value": "18:48",
          },
          {
            "label": "19:18",
            "value": "19:18",
          },
          {
            "label": "19:48",
            "value": "19:48",
          },
          {
            "label": "20:18",
            "value": "20:18",
          },
          {
            "label": "20:48",
            "value": "20:48",
          },
          {
            "label": "21:18",
            "value": "21:18",
          },
          {
            "label": "21:48",
            "value": "21:48",
          },
          {
            "label": "22:18",
            "value": "22:18",
          },
          {
            "label": "22:48",
            "value": "22:48",
          },
          {
            "label": "23:18",
            "value": "23:18",
          },
        ]
      }
      searchable={false}
      value="14:48"
    />
    <InjectT(SelectFilter)
      className="app-TimeRangeFilter__range-duration"
      disabled={false}
      id="time-filter-duration-select"
      isClearable={false}
      isSearchable={false}
      onChange={[Function]}
      options={
        [
          {
            "label": "0.5 h",
            "value": 30,
          },
          {
            "label": "1 h",
            "value": 60,
          },
          {
            "label": "1.5 h",
            "value": 90,
          },
          {
            "label": "2 h",
            "value": 120,
          },
        ]
      }
      value={30}
    />
  </div>
</div>
`;
