// Jest Snapshot v1, https://goo.gl/fbAQLP

exports[`pages/about/AboutPage render normally 1`] = `
<PageWrapper
  className="about-page"
  title="AboutPage.title"
>
  <div
    className="app-aboutPage"
  >
    <h1>
      AboutPageContent.defaultHeader
    </h1>
    <p
      className="app-aboutPage__lead"
    >
      AboutPageContent.defaultLead
    </p>
    <p>
      AboutPageContent.pilotParagraph
    </p>
    <p>
      AboutPageContent.defaultReservableParagraph
    </p>
    <p>
      <FormattedHTMLMessage
        id="AboutPageContent.basedOnParagraph"
        values={{}}
      />
    </p>
    <p>
      AboutPageContent.developmentParagraph
    </p>
    <p>
      AboutPageContent.goalParagraph
    </p>
    <p>
      AboutPageContent.feedbackParagraph
      <FeedbackLink>
        AboutPageContent.feedbackLink
      </FeedbackLink>
    </p>
    <h3>
      AboutPageContent.customerRegisterHeader
    </h3>
    <p>
      AboutPageContent.customerRegisterParagraph
      <a
        href="https://www.hel.fi/static/liitteet-2019/Kaupunginkanslia/Rekisteriselosteet/Kuva/Tilanvaraus-%20ja%20tietokantarekisteri,%20Varaamo%20ja%20Respa.pdf"
      >
        AboutPageContent.customerRegisterLink
      </a>
    </p>
    <br />
  </div>
</PageWrapper>
`;
