// Jest Snapshot v1, https://goo.gl/fbAQLP

exports[`SearchPage renders correctly 1`] = `
<div
  className="app-SearchPage"
>
  <InjectIntl(InjectT(SearchFilters))
    filters={
      {
        "date": "2017-12-10",
      }
    }
    isGeolocationEnabled={false}
    isLoadingPurposes={false}
    isLoadingUnits={false}
    onChange={[Function]}
    onGeolocationToggle={[Function]}
    purposes={[]}
    units={[]}
  />
  <InjectT(SearchMapToggle)
    active="map"
    onClick={[Function]}
    resultCount={0}
  />
  <div
    className="app-SearchPage__results"
  >
    <Switch>
      <Route
        exact={true}
        path="foo/map"
        render={[Function]}
      />
      <Route
        exact={true}
        path="foo"
        render={[Function]}
      />
      <Redirect
        push={false}
        to="foo"
      />
    </Switch>
  </div>
</div>
`;
