// Jest Snapshot v1, https://goo.gl/fbAQLP

exports[`ResourceMap renders correctly 1`] = `
<div
  className="app-ResourceMap"
>
  <Map
    boundsOptions={
      {
        "padding": [
          50,
          50,
        ],
      }
    }
    center={
      [
        60.20843,
        24.975634,
      ]
    }
    className="app-ResourceMap__map"
    scrollWheelZoom={false}
    zoom={15}
    zoomControl={false}
  >
    <ForwardRef(Leaflet(TileLayer))
      attribution="Â© <a href="http://osm.org/copyright">OpenStreetMap</a> contributors"
      url="https://api.mapbox.com/styles/v1/mapbox/light-v9/tiles/256/{z}/{x}/{y}?access_token=pk.eyJ1IjoidmFyYWFtbyIsImEiOiJjamU2cWhmdTUwM2ZmMzFud2dvZzFqb2dnIn0.Mj6YrtV9RbJXiU82dqqwhw"
    />
    <ForwardRef(Leaflet(ZoomControl))
      position="bottomright"
    />
    <UnitMarker
      key="unitMarker-1"
      resources={
        [
          {
            "available_hours": [],
            "equipment": [],
            "id": 1,
            "is_favorite": false,
            "name": {
              "en": "Resource (en) - 1",
              "fi": "Resource (fi) - 1",
              "sv": "Resource (sv) - 1",
            },
            "need_manual_confirmation": false,
            "opening_hours": [],
            "products": [],
            "public": true,
            "required_reservation_extra_fields": [],
            "reservable": true,
            "reservable_after": null,
            "slot_size": "00:30:00",
            "supported_reservation_extra_fields": [],
            "unit": 1,
            "user_permissions": {
              "canMakeReservations": true,
              "isAdmin": false,
            },
          },
        ]
      }
      unit={
        {
          "id": 1,
          "location": {
            "coordinates": [
              24.975634,
              60.20843,
            ],
          },
          "name": {
            "en": "Unit (en) - 1",
            "fi": "Unit (fi) - 1",
            "sv": "Unit (sv) - 1",
          },
          "opening_hours_today": {},
        }
      }
    />
  </Map>
</div>
`;
