// Jest Snapshot v1, https://goo.gl/fbAQLP

exports[`SelectField renders correctly 1`] = `
<div
  className="app-SelectField"
>
  <FormGroup
    bsClass="form-group"
    controlId="foo"
  >
    <ControlLabel
      bsClass="control-label"
      srOnly={false}
    >
      foo
    </ControlLabel>
    <StateManager
      className="app-Select"
      classNamePrefix="app-Select"
      defaultInputValue=""
      defaultMenuIsOpen={false}
      defaultValue={null}
      id="foo"
      noOptionsMessage={[Function]}
      onChange={[Function]}
      options={
        [
          {
            "label": "Foo",
            "value": "foo",
          },
          {
            "label": "Bar",
            "value": "bar",
          },
        ]
      }
      placeholder="common.select"
      value={
        {
          "label": "Foo",
          "value": "foo",
        }
      }
    />
  </FormGroup>
</div>
`;
