// Jest Snapshot v1, https://goo.gl/fbAQLP

exports[`ResourceReservationCalendar renders correctly 1`] = `
<div
  className="app-ResourceReservationCalendar"
>
  <InjectT(TimePickerCalendar)
    date="2019-08-15"
    disabled={true}
    onDateChange={[MockFunction]}
    onTimeChange={[MockFunction]}
    resource={
      {
        "available_hours": [],
        "equipment": [],
        "id": 1,
        "is_favorite": false,
        "name": {
          "en": "Resource (en) - 1",
          "fi": "Resource (fi) - 1",
          "sv": "Resource (sv) - 1",
        },
        "need_manual_confirmation": false,
        "opening_hours": [],
        "products": [],
        "public": true,
        "required_reservation_extra_fields": [],
        "reservable": true,
        "reservable_after": null,
        "slot_size": "00:30:00",
        "supported_reservation_extra_fields": [],
        "unit": 1,
        "user_permissions": {
          "canMakeReservations": true,
          "isAdmin": false,
        },
      }
    }
  />
</div>
`;
