// Jest Snapshot v1, https://goo.gl/fbAQLP

exports[`ManageReservationsPage renders correctly 1`] = `
<div
  className="app-ManageReservationsPage"
>
  <div
    className="app-ManageReservationsPage__filters"
  >
    <Grid
      bsClass="container"
      componentClass="div"
      fluid={false}
    >
      <Row
        bsClass="row"
        componentClass="div"
      >
        <Col
          bsClass="col"
          componentClass="div"
          sm={12}
        >
          <h1>
            ManageReservationsPage.title
          </h1>
        </Col>
      </Row>
    </Grid>
    <InjectIntl(InjectT(ManageReservationsFilters))
      filters={
        {
          "date": "2017-12-10",
        }
      }
      onSearchChange={[Function]}
      onShowOnlyFiltersChange={[Function]}
      showOnlyFilters={
        [
          "can_modify",
        ]
      }
      units={[]}
    />
    <Grid
      bsClass="container"
      componentClass="div"
      fluid={false}
    >
      <Row
        bsClass="row"
        componentClass="div"
      >
        <Col
          bsClass="col"
          componentClass="div"
          sm={12}
        >
          <span>
            ManageReservationsPage.noSearchResults
          </span>
        </Col>
      </Row>
    </Grid>
  </div>
  <div
    className="app-ManageReservationsPage__list"
  >
    <PageWrapper
      title="ManageReservationsPage.title"
    >
      <Row
        bsClass="row"
        componentClass="div"
      >
        <Col
          bsClass="col"
          componentClass="div"
          sm={12}
        >
          <Component
            component="div"
            loaded={true}
            loadedClassName="loadedContent"
            parentClassName="loader"
          >
            <InjectT(InjectT(ManageReservationsList))
              onEditClick={[Function]}
              onEditReservation={[Function]}
              onInfoClick={[Function]}
              reservations={[]}
            />
          </Component>
          <InjectT(Pagination)
            onChange={[Function]}
            page={1}
            pages={0}
          />
        </Col>
      </Row>
    </PageWrapper>
  </div>
</div>
`;
