// Jest Snapshot v1, https://goo.gl/fbAQLP

exports[`ResourceCard renders correctly 1`] = `
<div
  className="app-resourceCard2"
>
  <Link
    className="app-resourceCard2__image-link app-resourceCard2__image-link--large-font-size"
    replace={false}
    to={
      {
        "pathname": "/resources/1",
        "search": "date=30-07-2019",
        "state": {
          "fromSearchResults": true,
        },
      }
    }
  >
    <BackgroundImage
      height={420}
      image={{}}
      width={700}
    />
  </Link>
  <div
    className="app-resourceCard2__content"
  >
    <Link
      replace={false}
      to={
        {
          "pathname": "/resources/1",
          "search": "date=30-07-2019",
          "state": {
            "fromSearchResults": true,
          },
        }
      }
    >
      <h3>
        Resource (en) - 1
      </h3>
      <div
        className="app-resourceCard2__unit-name"
      >
        <span>
          Unit (en) - 1
        </span>
        <div
          className="app-resourceCard2__unit-name-labels"
        >
          <InjectT(ResourceAvailability)
            date="30-07-2019"
            resource={
              {
                "available_hours": [],
                "equipment": [],
                "id": 1,
                "is_favorite": false,
                "name": {
                  "en": "Resource (en) - 1",
                  "fi": "Resource (fi) - 1",
                  "sv": "Resource (sv) - 1",
                },
                "need_manual_confirmation": false,
                "opening_hours": [],
                "products": [],
                "public": true,
                "required_reservation_extra_fields": [],
                "reservable": true,
                "reservable_after": null,
                "slot_size": "00:30:00",
                "supported_reservation_extra_fields": [],
                "unit": 1,
                "user_permissions": {
                  "canMakeReservations": true,
                  "isAdmin": false,
                },
              }
            }
          />
        </div>
      </div>
    </Link>
    <div
      className="app-resourceCard2__description"
    />
  </div>
  <div
    className="app-resourceCard2__info"
  >
    <ResourceCardInfoCell
      icon="test-file-stub"
      onClick={null}
      text="-"
    />
    <ResourceCardInfoCell
      icon="test-file-stub"
      onClick={[Function]}
      text="ResourceIcons.free"
    />
    <ResourceCardInfoCell
      icon="test-file-stub"
      text="null"
    />
  </div>
</div>
`;
